### BTest baseline data generated by btest-diff. Do not edit. Use "btest -U/-u" to update. Requires BTest >= 0.63.
got result:, [id=<uuid>, version=20000]
got result:, [id=<uuid>, version=20000]
terminating soon - there should not be another 'got result' after this
